INFO       - 2025-06-15 21:11:22,927 - client          : logging in using static token
INFO       - 2025-06-15 21:11:23,604 - gateway         : Shard ID None has connected to Gateway (Session ID: 18b7d2f9a80ca0e11e410571880e969b).
INFO       - 2025-06-15 21:11:48,358 - voice_state     : Connecting to voice...
INFO       - 2025-06-15 21:11:48,359 - voice_state     : Starting voice handshake... (connection attempt 1)
INFO       - 2025-06-15 21:11:48,524 - voice_state     : Voice handshake complete. Endpoint found: c-ewr13-34674bc5.discord.media
ERROR      - 2025-06-15 21:11:48,737 - voice_state     : Failed to connect to voice... Retrying in 1.0s...
Traceback (most recent call last):
  File "/home/asmeu/NudgeBot/venv/lib/python3.12/site-packages/discord/voice_state.py", line 413, in _inner_connect
    await self._handshake_websocket()
  File "/home/asmeu/NudgeBot/venv/lib/python3.12/site-packages/discord/voice_state.py", line 583, in _handshake_websocket
    await self.ws.poll_event()
  File "/home/asmeu/NudgeBot/venv/lib/python3.12/site-packages/discord/gateway.py", line 1039, in poll_event
    raise ConnectionClosed(self.ws, shard_id=None, code=self._close_code)
discord.errors.ConnectionClosed: Shard ID None WebSocket closed with 4006
INFO       - 2025-06-15 21:11:48,754 - voice_state     : The voice handshake is being terminated for Channel ID 1199529696082264214 (Guild ID 1120146681346936902)
INFO       - 2025-06-15 21:11:49,757 - voice_state     : Starting voice handshake... (connection attempt 2)
INFO       - 2025-06-15 21:11:49,927 - voice_state     : Voice handshake complete. Endpoint found: c-ewr13-34674bc5.discord.media
ERROR      - 2025-06-15 21:11:50,069 - voice_state     : Failed to connect to voice... Retrying in 3.0s...
Traceback (most recent call last):
  File "/home/asmeu/NudgeBot/venv/lib/python3.12/site-packages/discord/voice_state.py", line 413, in _inner_connect
    await self._handshake_websocket()
  File "/home/asmeu/NudgeBot/venv/lib/python3.12/site-packages/discord/voice_state.py", line 583, in _handshake_websocket
    await self.ws.poll_event()
  File "/home/asmeu/NudgeBot/venv/lib/python3.12/site-packages/discord/gateway.py", line 1039, in poll_event
    raise ConnectionClosed(self.ws, shard_id=None, code=self._close_code)
discord.errors.ConnectionClosed: Shard ID None WebSocket closed with 4006
INFO       - 2025-06-15 21:11:50,070 - voice_state     : The voice handshake is being terminated for Channel ID 1199529696082264214 (Guild ID 1120146681346936902)
INFO       - 2025-06-15 21:11:53,075 - voice_state     : Starting voice handshake... (connection attempt 3)
INFO       - 2025-06-15 21:11:53,211 - voice_state     : Voice handshake complete. Endpoint found: c-ewr13-34674bc5.discord.media
ERROR      - 2025-06-15 21:11:53,340 - voice_state     : Failed to connect to voice... Retrying in 5.0s...
Traceback (most recent call last):
  File "/home/asmeu/NudgeBot/venv/lib/python3.12/site-packages/discord/voice_state.py", line 413, in _inner_connect
    await self._handshake_websocket()
  File "/home/asmeu/NudgeBot/venv/lib/python3.12/site-packages/discord/voice_state.py", line 583, in _handshake_websocket
    await self.ws.poll_event()
  File "/home/asmeu/NudgeBot/venv/lib/python3.12/site-packages/discord/gateway.py", line 1039, in poll_event
    raise ConnectionClosed(self.ws, shard_id=None, code=self._close_code)
discord.errors.ConnectionClosed: Shard ID None WebSocket closed with 4006
INFO       - 2025-06-15 21:11:53,343 - voice_state     : The voice handshake is being terminated for Channel ID 1199529696082264214 (Guild ID 1120146681346936902)
INFO       - 2025-06-15 21:11:58,347 - voice_state     : Starting voice handshake... (connection attempt 4)
INFO       - 2025-06-15 21:11:58,451 - voice_state     : Voice handshake complete. Endpoint found: c-ewr13-34674bc5.discord.media
ERROR      - 2025-06-15 21:11:58,607 - voice_state     : Failed to connect to voice... Retrying in 7.0s...
Traceback (most recent call last):
  File "/home/asmeu/NudgeBot/venv/lib/python3.12/site-packages/discord/voice_state.py", line 413, in _inner_connect
    await self._handshake_websocket()
  File "/home/asmeu/NudgeBot/venv/lib/python3.12/site-packages/discord/voice_state.py", line 583, in _handshake_websocket
    await self.ws.poll_event()
  File "/home/asmeu/NudgeBot/venv/lib/python3.12/site-packages/discord/gateway.py", line 1039, in poll_event
    raise ConnectionClosed(self.ws, shard_id=None, code=self._close_code)
discord.errors.ConnectionClosed: Shard ID None WebSocket closed with 4006
INFO       - 2025-06-15 21:11:58,607 - voice_state     : The voice handshake is being terminated for Channel ID 1199529696082264214 (Guild ID 1120146681346936902)
INFO       - 2025-06-15 21:12:05,613 - voice_state     : Starting voice handshake... (connection attempt 5)
INFO       - 2025-06-15 21:12:05,750 - voice_state     : Voice handshake complete. Endpoint found: c-ewr13-34674bc5.discord.media
ERROR      - 2025-06-15 21:12:05,899 - voice_state     : Failed to connect to voice... Retrying in 9.0s...
Traceback (most recent call last):
  File "/home/asmeu/NudgeBot/venv/lib/python3.12/site-packages/discord/voice_state.py", line 413, in _inner_connect
    await self._handshake_websocket()
  File "/home/asmeu/NudgeBot/venv/lib/python3.12/site-packages/discord/voice_state.py", line 583, in _handshake_websocket
    await self.ws.poll_event()
  File "/home/asmeu/NudgeBot/venv/lib/python3.12/site-packages/discord/gateway.py", line 1039, in poll_event
    raise ConnectionClosed(self.ws, shard_id=None, code=self._close_code)
discord.errors.ConnectionClosed: Shard ID None WebSocket closed with 4006
INFO       - 2025-06-15 21:12:05,901 - voice_state     : The voice handshake is being terminated for Channel ID 1199529696082264214 (Guild ID 1120146681346936902)
INFO       - 2025-06-15 21:12:14,908 - voice_state     : Voice connection complete.
INFO       - 2025-06-15 21:12:14,909 - voice_state     : Disconnecting from voice normally, close code 1000.
INFO       - 2025-06-15 21:12:14,909 - voice_state     : The voice handshake is being terminated for Channel ID 1199529696082264214 (Guild ID 1120146681346936902)
ERROR      - 2025-06-15 21:12:15,149 - bot             : Ignoring exception in command play
Traceback (most recent call last):
  File "/home/asmeu/NudgeBot/venv/lib/python3.12/site-packages/discord/ext/commands/core.py", line 235, in wrapped
    ret = await coro(*args, **kwargs)
          ^^^^^^^^^^^^^^^^^^^^^^^^^^^
  File "/home/asmeu/NudgeBot/nudge_bot/cogs/music_cog.py", line 233, in play
    await self.play_music(ctx)
  File "/home/asmeu/NudgeBot/nudge_bot/cogs/music_cog.py", line 183, in play_music
    self.vc[id].play(discord.FFmpegPCMAudio(
  File "/home/asmeu/NudgeBot/venv/lib/python3.12/site-packages/discord/voice_client.py", line 497, in play
    raise ClientException('Not connected to voice.')
discord.errors.ClientException: Not connected to voice.

The above exception was the direct cause of the following exception:

Traceback (most recent call last):
  File "/home/asmeu/NudgeBot/venv/lib/python3.12/site-packages/discord/ext/commands/bot.py", line 1366, in invoke
    await ctx.command.invoke(ctx)
  File "/home/asmeu/NudgeBot/venv/lib/python3.12/site-packages/discord/ext/commands/core.py", line 1029, in invoke
    await injected(*ctx.args, **ctx.kwargs)  # type: ignore
    ^^^^^^^^^^^^^^^^^^^^^^^^^^^^^^^^^^^^^^^
  File "/home/asmeu/NudgeBot/venv/lib/python3.12/site-packages/discord/ext/commands/core.py", line 244, in wrapped
    raise CommandInvokeError(exc) from exc
discord.ext.commands.errors.CommandInvokeError: Command raised an exception: ClientException: Not connected to voice.
INFO       - 2025-06-15 21:12:15,151 - player          : ffmpeg process 8624 has not terminated. Waiting to terminate...
INFO       - 2025-06-15 21:12:15,152 - player          : ffmpeg process 8624 should have terminated with a return code of -9.
INFO       - 2025-06-15 21:12:21,767 - voice_state     : Connecting to voice...
INFO       - 2025-06-15 21:12:21,767 - voice_state     : Starting voice handshake... (connection attempt 1)
INFO       - 2025-06-15 21:12:21,918 - voice_state     : Voice handshake complete. Endpoint found: c-ewr13-34674bc5.discord.media
ERROR      - 2025-06-15 21:12:22,114 - voice_state     : Failed to connect to voice... Retrying in 1.0s...
Traceback (most recent call last):
  File "/home/asmeu/NudgeBot/venv/lib/python3.12/site-packages/discord/voice_state.py", line 413, in _inner_connect
    await self._handshake_websocket()
  File "/home/asmeu/NudgeBot/venv/lib/python3.12/site-packages/discord/voice_state.py", line 583, in _handshake_websocket
    await self.ws.poll_event()
  File "/home/asmeu/NudgeBot/venv/lib/python3.12/site-packages/discord/gateway.py", line 1039, in poll_event
    raise ConnectionClosed(self.ws, shard_id=None, code=self._close_code)
discord.errors.ConnectionClosed: Shard ID None WebSocket closed with 4006
INFO       - 2025-06-15 21:12:22,114 - voice_state     : The voice handshake is being terminated for Channel ID 1199529696082264214 (Guild ID 1120146681346936902)
INFO       - 2025-06-15 21:12:23,118 - voice_state     : Starting voice handshake... (connection attempt 2)
INFO       - 2025-06-15 21:12:23,253 - voice_state     : Voice handshake complete. Endpoint found: c-ewr13-34674bc5.discord.media
ERROR      - 2025-06-15 21:12:23,413 - voice_state     : Failed to connect to voice... Retrying in 3.0s...
Traceback (most recent call last):
  File "/home/asmeu/NudgeBot/venv/lib/python3.12/site-packages/discord/voice_state.py", line 413, in _inner_connect
    await self._handshake_websocket()
  File "/home/asmeu/NudgeBot/venv/lib/python3.12/site-packages/discord/voice_state.py", line 583, in _handshake_websocket
    await self.ws.poll_event()
  File "/home/asmeu/NudgeBot/venv/lib/python3.12/site-packages/discord/gateway.py", line 1039, in poll_event
    raise ConnectionClosed(self.ws, shard_id=None, code=self._close_code)
discord.errors.ConnectionClosed: Shard ID None WebSocket closed with 4006
INFO       - 2025-06-15 21:12:23,414 - voice_state     : The voice handshake is being terminated for Channel ID 1199529696082264214 (Guild ID 1120146681346936902)
INFO       - 2025-06-15 21:12:26,417 - voice_state     : Starting voice handshake... (connection attempt 3)
INFO       - 2025-06-15 21:12:26,563 - voice_state     : Voice handshake complete. Endpoint found: c-ewr13-34674bc5.discord.media
ERROR      - 2025-06-15 21:12:26,686 - voice_state     : Failed to connect to voice... Retrying in 5.0s...
Traceback (most recent call last):
  File "/home/asmeu/NudgeBot/venv/lib/python3.12/site-packages/discord/voice_state.py", line 413, in _inner_connect
    await self._handshake_websocket()
  File "/home/asmeu/NudgeBot/venv/lib/python3.12/site-packages/discord/voice_state.py", line 583, in _handshake_websocket
    await self.ws.poll_event()
  File "/home/asmeu/NudgeBot/venv/lib/python3.12/site-packages/discord/gateway.py", line 1039, in poll_event
    raise ConnectionClosed(self.ws, shard_id=None, code=self._close_code)
discord.errors.ConnectionClosed: Shard ID None WebSocket closed with 4006
INFO       - 2025-06-15 21:12:26,688 - voice_state     : The voice handshake is being terminated for Channel ID 1199529696082264214 (Guild ID 1120146681346936902)
INFO       - 2025-06-15 21:12:31,693 - voice_state     : Starting voice handshake... (connection attempt 4)
INFO       - 2025-06-15 21:12:31,839 - voice_state     : Voice handshake complete. Endpoint found: c-ewr13-34674bc5.discord.media
ERROR      - 2025-06-15 21:12:31,981 - voice_state     : Failed to connect to voice... Retrying in 7.0s...
Traceback (most recent call last):
  File "/home/asmeu/NudgeBot/venv/lib/python3.12/site-packages/discord/voice_state.py", line 413, in _inner_connect
    await self._handshake_websocket()
  File "/home/asmeu/NudgeBot/venv/lib/python3.12/site-packages/discord/voice_state.py", line 583, in _handshake_websocket
    await self.ws.poll_event()
  File "/home/asmeu/NudgeBot/venv/lib/python3.12/site-packages/discord/gateway.py", line 1039, in poll_event
    raise ConnectionClosed(self.ws, shard_id=None, code=self._close_code)
discord.errors.ConnectionClosed: Shard ID None WebSocket closed with 4006
INFO       - 2025-06-15 21:12:31,984 - voice_state     : The voice handshake is being terminated for Channel ID 1199529696082264214 (Guild ID 1120146681346936902)
INFO       - 2025-06-15 21:12:38,987 - voice_state     : Starting voice handshake... (connection attempt 5)
INFO       - 2025-06-15 21:12:39,118 - voice_state     : Voice handshake complete. Endpoint found: c-ewr13-34674bc5.discord.media
ERROR      - 2025-06-15 21:12:39,258 - voice_state     : Failed to connect to voice... Retrying in 9.0s...
Traceback (most recent call last):
  File "/home/asmeu/NudgeBot/venv/lib/python3.12/site-packages/discord/voice_state.py", line 413, in _inner_connect
    await self._handshake_websocket()
  File "/home/asmeu/NudgeBot/venv/lib/python3.12/site-packages/discord/voice_state.py", line 583, in _handshake_websocket
    await self.ws.poll_event()
  File "/home/asmeu/NudgeBot/venv/lib/python3.12/site-packages/discord/gateway.py", line 1039, in poll_event
    raise ConnectionClosed(self.ws, shard_id=None, code=self._close_code)
discord.errors.ConnectionClosed: Shard ID None WebSocket closed with 4006
INFO       - 2025-06-15 21:12:39,258 - voice_state     : The voice handshake is being terminated for Channel ID 1199529696082264214 (Guild ID 1120146681346936902)
INFO       - 2025-06-15 21:12:48,260 - voice_state     : Voice connection complete.
INFO       - 2025-06-15 21:12:48,261 - voice_state     : Disconnecting from voice normally, close code 1000.
INFO       - 2025-06-15 21:12:48,261 - voice_state     : The voice handshake is being terminated for Channel ID 1199529696082264214 (Guild ID 1120146681346936902)
